// Jest Snapshot v1, https://goo.gl/fbAQLP

exports[`Snapshot testing should match the expected snapshot 1`] = `
{
  "Resources": {
    "CdkQueueBA7F247D": {
      "DeletionPolicy": "Delete",
      "Properties": {
        "QueueName": "cd-demo-queue",
      },
      "Type": "AWS::SQS::Queue",
      "UpdateReplacePolicy": "Delete",
    },
  },
}
`;
